[2026-05-16 23:19:11,003 : ERROR : 3769544432 : An error occurred in the main execution block: [Errno 2] No such file or directory: 'config\\config.yaml']
Traceback (most recent call last):
  File "C:\Users\Ron\AppData\Local\Temp\ipykernel_21044\3769544432.py", line 2, in <module>
    config = ConfigurationManager()
  File "C:\Users\Ron\AppData\Local\Temp\ipykernel_21044\3397787514.py", line 3, in __init__
    self.config = read_yaml(config_file_path)
  File "c:\Users\Ron\anaconda3\envs\chest\lib\site-packages\ensure\main.py", line 872, in __call__
    return_val = self.f(*args, **kwargs)
  File "E:\MLOPs Deep Learning Project\src\cnnClassifier\utils\common.py", line 35, in read_yaml
    raise e
  File "E:\MLOPs Deep Learning Project\src\cnnClassifier\utils\common.py", line 28, in read_yaml
    with open(path_to_yaml) as yaml_file:
FileNotFoundError: [Errno 2] No such file or directory: 'config\\config.yaml'
[2026-05-16 23:34:06,884 : ERROR : 3769544432 : An error occurred in the main execution block: [Errno 2] No such file or directory: 'config\\config.yaml']
Traceback (most recent call last):
  File "C:\Users\Ron\AppData\Local\Temp\ipykernel_21044\3769544432.py", line 2, in <module>
    config = ConfigurationManager()
  File "C:\Users\Ron\AppData\Local\Temp\ipykernel_21044\3397787514.py", line 3, in __init__
    self.config = read_yaml(config_file_path)
  File "c:\Users\Ron\anaconda3\envs\chest\lib\site-packages\ensure\main.py", line 872, in __call__
    return_val = self.f(*args, **kwargs)
  File "E:\MLOPs Deep Learning Project\src\cnnClassifier\utils\common.py", line 35, in read_yaml
    raise e
  File "E:\MLOPs Deep Learning Project\src\cnnClassifier\utils\common.py", line 28, in read_yaml
    with open(path_to_yaml) as yaml_file:
FileNotFoundError: [Errno 2] No such file or directory: 'config\\config.yaml'
[2026-05-16 23:36:07,137 : ERROR : 3769544432 : An error occurred in the main execution block: [Errno 2] No such file or directory: 'config\\config.yaml']
Traceback (most recent call last):
  File "C:\Users\Ron\AppData\Local\Temp\ipykernel_21044\3769544432.py", line 2, in <module>
    config = ConfigurationManager()
  File "C:\Users\Ron\AppData\Local\Temp\ipykernel_21044\3397787514.py", line 3, in __init__
    self.config = read_yaml(config_file_path)
  File "c:\Users\Ron\anaconda3\envs\chest\lib\site-packages\ensure\main.py", line 872, in __call__
    return_val = self.f(*args, **kwargs)
  File "E:\MLOPs Deep Learning Project\src\cnnClassifier\utils\common.py", line 35, in read_yaml
    raise e
  File "E:\MLOPs Deep Learning Project\src\cnnClassifier\utils\common.py", line 28, in read_yaml
    with open(path_to_yaml) as yaml_file:
FileNotFoundError: [Errno 2] No such file or directory: 'config\\config.yaml'
[2026-05-16 23:38:57,023 : ERROR : 3769544432 : An error occurred in the main execution block: [Errno 2] No such file or directory: 'config\\config.yaml']
Traceback (most recent call last):
  File "C:\Users\Ron\AppData\Local\Temp\ipykernel_21044\3769544432.py", line 2, in <module>
    config = ConfigurationManager()
  File "C:\Users\Ron\AppData\Local\Temp\ipykernel_21044\3397787514.py", line 3, in __init__
    self.config = read_yaml(config_file_path)
  File "c:\Users\Ron\anaconda3\envs\chest\lib\site-packages\ensure\main.py", line 872, in __call__
    return_val = self.f(*args, **kwargs)
  File "E:\MLOPs Deep Learning Project\src\cnnClassifier\utils\common.py", line 35, in read_yaml
    raise e
  File "E:\MLOPs Deep Learning Project\src\cnnClassifier\utils\common.py", line 28, in read_yaml
    with open(path_to_yaml) as yaml_file:
FileNotFoundError: [Errno 2] No such file or directory: 'config\\config.yaml'
[2026-05-16 23:40:57,705 : ERROR : 3769544432 : An error occurred in the main execution block: [Errno 2] No such file or directory: 'config\\config.yaml']
Traceback (most recent call last):
  File "C:\Users\Ron\AppData\Local\Temp\ipykernel_21044\3769544432.py", line 2, in <module>
    config = ConfigurationManager()
  File "C:\Users\Ron\AppData\Local\Temp\ipykernel_21044\3397787514.py", line 3, in __init__
    self.config = read_yaml(config_file_path)
  File "c:\Users\Ron\anaconda3\envs\chest\lib\site-packages\ensure\main.py", line 872, in __call__
    return_val = self.f(*args, **kwargs)
  File "E:\MLOPs Deep Learning Project\src\cnnClassifier\utils\common.py", line 35, in read_yaml
    raise e
  File "E:\MLOPs Deep Learning Project\src\cnnClassifier\utils\common.py", line 28, in read_yaml
    with open(path_to_yaml) as yaml_file:
FileNotFoundError: [Errno 2] No such file or directory: 'config\\config.yaml'
[2026-05-17 00:06:38,253 : ERROR : 3769544432 : An error occurred in the main execution block: [Errno 2] No such file or directory: 'config\\config.yaml']
Traceback (most recent call last):
  File "C:\Users\Ron\AppData\Local\Temp\ipykernel_21044\3769544432.py", line 2, in <module>
    config = ConfigurationManager()
  File "C:\Users\Ron\AppData\Local\Temp\ipykernel_21044\3397787514.py", line 3, in __init__
    self.config = read_yaml(config_file_path)
  File "c:\Users\Ron\anaconda3\envs\chest\lib\site-packages\ensure\main.py", line 872, in __call__
    return_val = self.f(*args, **kwargs)
  File "E:\MLOPs Deep Learning Project\src\cnnClassifier\utils\common.py", line 35, in read_yaml
    raise e
  File "E:\MLOPs Deep Learning Project\src\cnnClassifier\utils\common.py", line 28, in read_yaml
    with open(path_to_yaml) as yaml_file:
FileNotFoundError: [Errno 2] No such file or directory: 'config\\config.yaml'
[2026-05-17 00:07:54,359 : ERROR : 3769544432 : An error occurred in the main execution block: [Errno 2] No such file or directory: 'config\\config.yaml']
Traceback (most recent call last):
  File "C:\Users\Ron\AppData\Local\Temp\ipykernel_21044\3769544432.py", line 2, in <module>
    config = ConfigurationManager()
  File "C:\Users\Ron\AppData\Local\Temp\ipykernel_21044\3397787514.py", line 3, in __init__
    self.config = read_yaml(config_file_path)
  File "c:\Users\Ron\anaconda3\envs\chest\lib\site-packages\ensure\main.py", line 872, in __call__
    return_val = self.f(*args, **kwargs)
  File "E:\MLOPs Deep Learning Project\src\cnnClassifier\utils\common.py", line 35, in read_yaml
    raise e
  File "E:\MLOPs Deep Learning Project\src\cnnClassifier\utils\common.py", line 28, in read_yaml
    with open(path_to_yaml) as yaml_file:
FileNotFoundError: [Errno 2] No such file or directory: 'config\\config.yaml'
[2026-05-17 00:08:50,482 : ERROR : 3769544432 : An error occurred in the main execution block: [Errno 2] No such file or directory: 'config\\config.yaml']
Traceback (most recent call last):
  File "C:\Users\Ron\AppData\Local\Temp\ipykernel_21044\3769544432.py", line 2, in <module>
    config = ConfigurationManager()
  File "C:\Users\Ron\AppData\Local\Temp\ipykernel_21044\3397787514.py", line 3, in __init__
    self.config = read_yaml(config_file_path)
  File "c:\Users\Ron\anaconda3\envs\chest\lib\site-packages\ensure\main.py", line 872, in __call__
    return_val = self.f(*args, **kwargs)
  File "E:\MLOPs Deep Learning Project\src\cnnClassifier\utils\common.py", line 35, in read_yaml
    raise e
  File "E:\MLOPs Deep Learning Project\src\cnnClassifier\utils\common.py", line 28, in read_yaml
    with open(path_to_yaml) as yaml_file:
FileNotFoundError: [Errno 2] No such file or directory: 'config\\config.yaml'
[2026-05-17 00:08:52,521 : ERROR : 3769544432 : An error occurred in the main execution block: [Errno 2] No such file or directory: 'config\\config.yaml']
Traceback (most recent call last):
  File "C:\Users\Ron\AppData\Local\Temp\ipykernel_21044\3769544432.py", line 2, in <module>
    config = ConfigurationManager()
  File "C:\Users\Ron\AppData\Local\Temp\ipykernel_21044\3397787514.py", line 3, in __init__
    self.config = read_yaml(config_file_path)
  File "c:\Users\Ron\anaconda3\envs\chest\lib\site-packages\ensure\main.py", line 872, in __call__
    return_val = self.f(*args, **kwargs)
  File "E:\MLOPs Deep Learning Project\src\cnnClassifier\utils\common.py", line 35, in read_yaml
    raise e
  File "E:\MLOPs Deep Learning Project\src\cnnClassifier\utils\common.py", line 28, in read_yaml
    with open(path_to_yaml) as yaml_file:
FileNotFoundError: [Errno 2] No such file or directory: 'config\\config.yaml'
[2026-05-17 00:11:42,671 : INFO : common : yaml file: config\config.yaml loaded successfully]
[2026-05-17 00:11:42,680 : ERROR : 3769544432 : An error occurred in the main execution block: [Errno 2] No such file or directory: 'config\\params.yaml']
Traceback (most recent call last):
  File "C:\Users\Ron\AppData\Local\Temp\ipykernel_21044\3769544432.py", line 2, in <module>
    config = ConfigurationManager()
  File "C:\Users\Ron\AppData\Local\Temp\ipykernel_21044\3397787514.py", line 4, in __init__
    self.params = read_yaml(params_file_path)
  File "c:\Users\Ron\anaconda3\envs\chest\lib\site-packages\ensure\main.py", line 872, in __call__
    return_val = self.f(*args, **kwargs)
  File "E:\MLOPs Deep Learning Project\src\cnnClassifier\utils\common.py", line 35, in read_yaml
    raise e
  File "E:\MLOPs Deep Learning Project\src\cnnClassifier\utils\common.py", line 28, in read_yaml
    with open(path_to_yaml) as yaml_file:
FileNotFoundError: [Errno 2] No such file or directory: 'config\\params.yaml'
[2026-05-17 00:13:10,787 : INFO : common : yaml file: config\config.yaml loaded successfully]
[2026-05-17 00:13:10,791 : ERROR : 3769544432 : An error occurred in the main execution block: [Errno 2] No such file or directory: 'config\\params.yaml']
Traceback (most recent call last):
  File "C:\Users\Ron\AppData\Local\Temp\ipykernel_21044\3769544432.py", line 2, in <module>
    config = ConfigurationManager()
  File "C:\Users\Ron\AppData\Local\Temp\ipykernel_21044\3397787514.py", line 4, in __init__
    self.params = read_yaml(params_file_path)
  File "c:\Users\Ron\anaconda3\envs\chest\lib\site-packages\ensure\main.py", line 872, in __call__
    return_val = self.f(*args, **kwargs)
  File "E:\MLOPs Deep Learning Project\src\cnnClassifier\utils\common.py", line 35, in read_yaml
    raise e
  File "E:\MLOPs Deep Learning Project\src\cnnClassifier\utils\common.py", line 28, in read_yaml
    with open(path_to_yaml) as yaml_file:
FileNotFoundError: [Errno 2] No such file or directory: 'config\\params.yaml'
[2026-05-17 00:16:15,476 : INFO : common : yaml file: config\config.yaml loaded successfully]
[2026-05-17 00:16:15,480 : ERROR : 3769544432 : An error occurred in the main execution block: [Errno 2] No such file or directory: 'config\\params.yaml']
Traceback (most recent call last):
  File "C:\Users\Ron\AppData\Local\Temp\ipykernel_21044\3769544432.py", line 2, in <module>
    config = ConfigurationManager()
  File "C:\Users\Ron\AppData\Local\Temp\ipykernel_21044\3397787514.py", line 4, in __init__
    self.params = read_yaml(params_file_path)
  File "c:\Users\Ron\anaconda3\envs\chest\lib\site-packages\ensure\main.py", line 872, in __call__
    return_val = self.f(*args, **kwargs)
  File "E:\MLOPs Deep Learning Project\src\cnnClassifier\utils\common.py", line 35, in read_yaml
    raise e
  File "E:\MLOPs Deep Learning Project\src\cnnClassifier\utils\common.py", line 28, in read_yaml
    with open(path_to_yaml) as yaml_file:
FileNotFoundError: [Errno 2] No such file or directory: 'config\\params.yaml'
[2026-05-17 00:16:43,040 : INFO : common : yaml file: config\config.yaml loaded successfully]
[2026-05-17 00:16:43,046 : ERROR : 3769544432 : An error occurred in the main execution block: [Errno 2] No such file or directory: 'config\\params.yaml']
Traceback (most recent call last):
  File "C:\Users\Ron\AppData\Local\Temp\ipykernel_21044\3769544432.py", line 2, in <module>
    config = ConfigurationManager()
  File "C:\Users\Ron\AppData\Local\Temp\ipykernel_21044\3397787514.py", line 4, in __init__
    self.params = read_yaml(params_file_path)
  File "c:\Users\Ron\anaconda3\envs\chest\lib\site-packages\ensure\main.py", line 872, in __call__
    return_val = self.f(*args, **kwargs)
  File "E:\MLOPs Deep Learning Project\src\cnnClassifier\utils\common.py", line 35, in read_yaml
    raise e
  File "E:\MLOPs Deep Learning Project\src\cnnClassifier\utils\common.py", line 28, in read_yaml
    with open(path_to_yaml) as yaml_file:
FileNotFoundError: [Errno 2] No such file or directory: 'config\\params.yaml'
[2026-05-17 00:18:13,869 : INFO : common : yaml file: config\config.yaml loaded successfully]
[2026-05-17 00:18:13,874 : ERROR : 3769544432 : An error occurred in the main execution block: [Errno 2] No such file or directory: 'config\\params.yaml']
Traceback (most recent call last):
  File "C:\Users\Ron\AppData\Local\Temp\ipykernel_21044\3769544432.py", line 2, in <module>
    config = ConfigurationManager()
  File "C:\Users\Ron\AppData\Local\Temp\ipykernel_21044\3397787514.py", line 4, in __init__
    self.params = read_yaml(params_file_path)
  File "c:\Users\Ron\anaconda3\envs\chest\lib\site-packages\ensure\main.py", line 872, in __call__
    return_val = self.f(*args, **kwargs)
  File "E:\MLOPs Deep Learning Project\src\cnnClassifier\utils\common.py", line 35, in read_yaml
    raise e
  File "E:\MLOPs Deep Learning Project\src\cnnClassifier\utils\common.py", line 28, in read_yaml
    with open(path_to_yaml) as yaml_file:
FileNotFoundError: [Errno 2] No such file or directory: 'config\\params.yaml'
[2026-05-17 00:18:57,121 : INFO : common : yaml file: config\config.yaml loaded successfully]
[2026-05-17 00:18:57,125 : ERROR : 3769544432 : An error occurred in the main execution block: [Errno 2] No such file or directory: 'config\\params.yaml']
Traceback (most recent call last):
  File "C:\Users\Ron\AppData\Local\Temp\ipykernel_21044\3769544432.py", line 2, in <module>
    config = ConfigurationManager()
  File "C:\Users\Ron\AppData\Local\Temp\ipykernel_21044\3397787514.py", line 4, in __init__
    self.params = read_yaml(params_file_path)
  File "c:\Users\Ron\anaconda3\envs\chest\lib\site-packages\ensure\main.py", line 872, in __call__
    return_val = self.f(*args, **kwargs)
  File "E:\MLOPs Deep Learning Project\src\cnnClassifier\utils\common.py", line 35, in read_yaml
    raise e
  File "E:\MLOPs Deep Learning Project\src\cnnClassifier\utils\common.py", line 28, in read_yaml
    with open(path_to_yaml) as yaml_file:
FileNotFoundError: [Errno 2] No such file or directory: 'config\\params.yaml'
[2026-05-17 00:21:59,995 : INFO : common : yaml file: config\config.yaml loaded successfully]
[2026-05-17 00:21:59,999 : ERROR : 3769544432 : An error occurred in the main execution block: [Errno 2] No such file or directory: 'config\\params.yaml']
Traceback (most recent call last):
  File "C:\Users\Ron\AppData\Local\Temp\ipykernel_21044\3769544432.py", line 2, in <module>
    config = ConfigurationManager()
  File "C:\Users\Ron\AppData\Local\Temp\ipykernel_21044\3397787514.py", line 4, in __init__
    self.params = read_yaml(params_file_path)
  File "c:\Users\Ron\anaconda3\envs\chest\lib\site-packages\ensure\main.py", line 872, in __call__
    return_val = self.f(*args, **kwargs)
  File "E:\MLOPs Deep Learning Project\src\cnnClassifier\utils\common.py", line 35, in read_yaml
    raise e
  File "E:\MLOPs Deep Learning Project\src\cnnClassifier\utils\common.py", line 28, in read_yaml
    with open(path_to_yaml) as yaml_file:
FileNotFoundError: [Errno 2] No such file or directory: 'config\\params.yaml'
[2026-05-17 00:27:16,874 : INFO : common : yaml file: config\config.yaml loaded successfully]
[2026-05-17 00:27:16,877 : ERROR : 3769544432 : An error occurred in the main execution block: [Errno 2] No such file or directory: 'config\\params.yaml']
Traceback (most recent call last):
  File "C:\Users\Ron\AppData\Local\Temp\ipykernel_21044\3769544432.py", line 2, in <module>
    config = ConfigurationManager()
  File "C:\Users\Ron\AppData\Local\Temp\ipykernel_21044\3397787514.py", line 4, in __init__
    self.params = read_yaml(params_file_path)
  File "c:\Users\Ron\anaconda3\envs\chest\lib\site-packages\ensure\main.py", line 872, in __call__
    return_val = self.f(*args, **kwargs)
  File "E:\MLOPs Deep Learning Project\src\cnnClassifier\utils\common.py", line 35, in read_yaml
    raise e
  File "E:\MLOPs Deep Learning Project\src\cnnClassifier\utils\common.py", line 28, in read_yaml
    with open(path_to_yaml) as yaml_file:
FileNotFoundError: [Errno 2] No such file or directory: 'config\\params.yaml'
[2026-05-17 00:28:35,159 : INFO : common : yaml file: config\config.yaml loaded successfully]
[2026-05-17 00:28:35,163 : ERROR : 3769544432 : An error occurred in the main execution block: [Errno 2] No such file or directory: 'config\\params.yaml']
Traceback (most recent call last):
  File "C:\Users\Ron\AppData\Local\Temp\ipykernel_21044\3769544432.py", line 2, in <module>
    config = ConfigurationManager()
  File "C:\Users\Ron\AppData\Local\Temp\ipykernel_21044\3397787514.py", line 4, in __init__
    self.params = read_yaml(params_file_path)
  File "c:\Users\Ron\anaconda3\envs\chest\lib\site-packages\ensure\main.py", line 872, in __call__
    return_val = self.f(*args, **kwargs)
  File "E:\MLOPs Deep Learning Project\src\cnnClassifier\utils\common.py", line 35, in read_yaml
    raise e
  File "E:\MLOPs Deep Learning Project\src\cnnClassifier\utils\common.py", line 28, in read_yaml
    with open(path_to_yaml) as yaml_file:
FileNotFoundError: [Errno 2] No such file or directory: 'config\\params.yaml'
[2026-05-17 00:31:52,613 : INFO : common : yaml file: config\config.yaml loaded successfully]
[2026-05-17 00:43:19,180 : ERROR : 3769544432 : An error occurred in the main execution block: [Errno 2] No such file or directory: 'config\\params.yaml']
Traceback (most recent call last):
  File "C:\Users\Ron\AppData\Local\Temp\ipykernel_21044\3769544432.py", line 2, in <module>
    config = ConfigurationManager()
  File "C:\Users\Ron\AppData\Local\Temp\ipykernel_21044\3397787514.py", line 4, in __init__
    self.params = read_yaml(params_file_path)
  File "c:\Users\Ron\anaconda3\envs\chest\lib\site-packages\ensure\main.py", line 872, in __call__
    return_val = self.f(*args, **kwargs)
  File "E:\MLOPs Deep Learning Project\src\cnnClassifier\utils\common.py", line 35, in read_yaml
    raise e
  File "E:\MLOPs Deep Learning Project\src\cnnClassifier\utils\common.py", line 28, in read_yaml
    with open(path_to_yaml) as yaml_file:
FileNotFoundError: [Errno 2] No such file or directory: 'config\\params.yaml'
[2026-05-17 00:46:50,944 : INFO : common : yaml file: config\config.yaml loaded successfully]
[2026-05-17 00:51:41,390 : ERROR : 3769544432 : An error occurred in the main execution block: [Errno 2] No such file or directory: 'config\\params.yaml']
Traceback (most recent call last):
  File "C:\Users\Ron\AppData\Local\Temp\ipykernel_21044\3769544432.py", line 2, in <module>
    config = ConfigurationManager()
  File "C:\Users\Ron\AppData\Local\Temp\ipykernel_21044\3397787514.py", line 4, in __init__
    self.params = read_yaml(params_file_path)
  File "c:\Users\Ron\anaconda3\envs\chest\lib\site-packages\ensure\main.py", line 872, in __call__
    return_val = self.f(*args, **kwargs)
  File "E:\MLOPs Deep Learning Project\src\cnnClassifier\utils\common.py", line 35, in read_yaml
    raise e
  File "E:\MLOPs Deep Learning Project\src\cnnClassifier\utils\common.py", line 28, in read_yaml
    with open(path_to_yaml) as yaml_file:
FileNotFoundError: [Errno 2] No such file or directory: 'config\\params.yaml'
[2026-05-17 00:52:19,446 : INFO : common : yaml file: config\config.yaml loaded successfully]
[2026-05-17 00:52:19,449 : ERROR : 3769544432 : An error occurred in the main execution block: [Errno 2] No such file or directory: 'config\\params.yaml']
Traceback (most recent call last):
  File "C:\Users\Ron\AppData\Local\Temp\ipykernel_21044\3769544432.py", line 2, in <module>
    config = ConfigurationManager()
  File "C:\Users\Ron\AppData\Local\Temp\ipykernel_21044\3397787514.py", line 4, in __init__
    self.params = read_yaml(params_file_path)
  File "c:\Users\Ron\anaconda3\envs\chest\lib\site-packages\ensure\main.py", line 872, in __call__
    return_val = self.f(*args, **kwargs)
  File "E:\MLOPs Deep Learning Project\src\cnnClassifier\utils\common.py", line 35, in read_yaml
    raise e
  File "E:\MLOPs Deep Learning Project\src\cnnClassifier\utils\common.py", line 28, in read_yaml
    with open(path_to_yaml) as yaml_file:
FileNotFoundError: [Errno 2] No such file or directory: 'config\\params.yaml'
[2026-05-17 01:05:50,444 : INFO : common : yaml file: config\config.yaml loaded successfully]
[2026-05-17 01:05:50,448 : ERROR : 3769544432 : An error occurred in the main execution block: [Errno 2] No such file or directory: 'config\\params.yaml']
Traceback (most recent call last):
  File "C:\Users\Ron\AppData\Local\Temp\ipykernel_21044\3769544432.py", line 2, in <module>
    config = ConfigurationManager()
  File "C:\Users\Ron\AppData\Local\Temp\ipykernel_21044\3397787514.py", line 4, in __init__
    self.params = read_yaml(params_file_path)
  File "c:\Users\Ron\anaconda3\envs\chest\lib\site-packages\ensure\main.py", line 872, in __call__
    return_val = self.f(*args, **kwargs)
  File "E:\MLOPs Deep Learning Project\src\cnnClassifier\utils\common.py", line 35, in read_yaml
    raise e
  File "E:\MLOPs Deep Learning Project\src\cnnClassifier\utils\common.py", line 28, in read_yaml
    with open(path_to_yaml) as yaml_file:
FileNotFoundError: [Errno 2] No such file or directory: 'config\\params.yaml'
[2026-05-17 01:08:11,181 : INFO : common : yaml file: config\config.yaml loaded successfully]
[2026-05-17 01:08:11,185 : ERROR : 3769544432 : An error occurred in the main execution block: [Errno 2] No such file or directory: 'config\\params.yaml']
Traceback (most recent call last):
  File "C:\Users\Ron\AppData\Local\Temp\ipykernel_21044\3769544432.py", line 2, in <module>
    config = ConfigurationManager()
  File "C:\Users\Ron\AppData\Local\Temp\ipykernel_21044\3397787514.py", line 4, in __init__
    self.params = read_yaml(params_file_path)
  File "c:\Users\Ron\anaconda3\envs\chest\lib\site-packages\ensure\main.py", line 872, in __call__
    return_val = self.f(*args, **kwargs)
  File "E:\MLOPs Deep Learning Project\src\cnnClassifier\utils\common.py", line 35, in read_yaml
    raise e
  File "E:\MLOPs Deep Learning Project\src\cnnClassifier\utils\common.py", line 28, in read_yaml
    with open(path_to_yaml) as yaml_file:
FileNotFoundError: [Errno 2] No such file or directory: 'config\\params.yaml'
